22:40:25 **** Incremental Build of configuration Debug for project Intensità led con timer ****
make -j16 all 
arm-none-eabi-gcc "../Core/Src/tim.c" -mcpu=cortex-m4 -std=gnu11 -g3 -DDEBUG -DUSE_HAL_DRIVER -DSTM32G474xx -c -I../Core/Inc -I../Drivers/STM32G4xx_HAL_Driver/Inc -I../Drivers/STM32G4xx_HAL_Driver/Inc/Legacy -I../Drivers/CMSIS/Device/ST/STM32G4xx/Include -I../Drivers/CMSIS/Include -O0 -ffunction-sections -fdata-sections -Wall -fstack-usage -fcyclomatic-complexity -MMD -MP -MF"Core/Src/tim.d" -MT"Core/Src/tim.o" --specs=nano.specs -mfpu=fpv4-sp-d16 -mfloat-abi=hard -mthumb -o "Core/Src/tim.o"
arm-none-eabi-gcc -o "Intensità led con timer.elf" @"objects.list"   -mcpu=cortex-m4 -T"C:\Users\cupom\Documents\STM32\STM32CubeMX\Intensità led con timer\STM32G474RETX_FLASH.ld" --specs=nosys.specs -Wl,-Map="Intensità led con timer.map" -Wl,--gc-sections -static --specs=nano.specs -mfpu=fpv4-sp-d16 -mfloat-abi=hard -mthumb -Wl,--start-group -lc -lm -Wl,--end-group
Finished building target: Intensità led con timer.elf
 
arm-none-eabi-size  Intensità\ led\ con\ timer.elf 
arm-none-eabi-objdump -h -S Intensità\ led\ con\ timer.elf  > "Intensità led con timer.list"
   text	   data	    bss	    dec	    hex	filename
  12476	     12	   1652	  14140	   373c	Intensità led con timer.elf
Finished building: default.size.stdout
 
Finished building: Intensità led con timer.list
 

22:40:26 Build Finished. 0 errors, 0 warnings. (took 1s.34ms)

