23:37:31 **** Incremental Build of configuration Debug for project Timer e tre led ****
make -j16 all 
arm-none-eabi-gcc "../Core/Src/gpio.c" -mcpu=cortex-m4 -std=gnu11 -g3 -DDEBUG -DUSE_HAL_DRIVER -DSTM32G474xx -c -I../Core/Inc -I../Drivers/STM32G4xx_HAL_Driver/Inc -I../Drivers/STM32G4xx_HAL_Driver/Inc/Legacy -I../Drivers/CMSIS/Device/ST/STM32G4xx/Include -I../Drivers/CMSIS/Include -O0 -ffunction-sections -fdata-sections -Wall -fstack-usage -fcyclomatic-complexity -MMD -MP -MF"Core/Src/gpio.d" -MT"Core/Src/gpio.o" --specs=nano.specs -mfpu=fpv4-sp-d16 -mfloat-abi=hard -mthumb -o "Core/Src/gpio.o"
arm-none-eabi-gcc -o "Timer e tre led.elf" @"objects.list"   -mcpu=cortex-m4 -T"C:\Users\cupom\Documents\STM32\STM32CubeMX\Timer e tre led\STM32G474RETX_FLASH.ld" --specs=nosys.specs -Wl,-Map="Timer e tre led.map" -Wl,--gc-sections -static --specs=nano.specs -mfpu=fpv4-sp-d16 -mfloat-abi=hard -mthumb -Wl,--start-group -lc -lm -Wl,--end-group
Finished building target: Timer e tre led.elf
 
arm-none-eabi-size  Timer\ e\ tre\ led.elf 
arm-none-eabi-objdump -h -S Timer\ e\ tre\ led.elf  > "Timer e tre led.list"
   text	   data	    bss	    dec	    hex	filename
   9968	     12	   1908	  11888	   2e70	Timer e tre led.elf
Finished building: default.size.stdout
 
Finished building: Timer e tre led.list
 

23:37:32 Build Finished. 0 errors, 0 warnings. (took 1s.180ms)

